==========================================
  Sample: DC1
  Start : พฤ. 30 เม.ย. 2569 11:02:02 +07
==========================================

[Step 1] FastQC
application/gzip
application/gzip
Started analysis of DC1_1.fastq.gz
Started analysis of DC1_2.fastq.gz
Approx 5% complete for DC1_2.fastq.gz
Approx 5% complete for DC1_1.fastq.gz
Approx 10% complete for DC1_2.fastq.gz
Approx 10% complete for DC1_1.fastq.gz
Approx 15% complete for DC1_2.fastq.gz
Approx 15% complete for DC1_1.fastq.gz
Approx 20% complete for DC1_2.fastq.gz
Approx 20% complete for DC1_1.fastq.gz
Approx 25% complete for DC1_2.fastq.gz
Approx 25% complete for DC1_1.fastq.gz
Approx 30% complete for DC1_2.fastq.gz
Approx 30% complete for DC1_1.fastq.gz
Approx 35% complete for DC1_2.fastq.gz
Approx 35% complete for DC1_1.fastq.gz
Approx 40% complete for DC1_2.fastq.gz
Approx 45% complete for DC1_2.fastq.gz
Approx 40% complete for DC1_1.fastq.gz
Approx 45% complete for DC1_1.fastq.gz
Approx 50% complete for DC1_2.fastq.gz
Approx 50% complete for DC1_1.fastq.gz
Approx 55% complete for DC1_2.fastq.gz
Approx 55% complete for DC1_1.fastq.gz
Approx 60% complete for DC1_2.fastq.gz
Approx 60% complete for DC1_1.fastq.gz
Approx 65% complete for DC1_2.fastq.gz
Approx 65% complete for DC1_1.fastq.gz
Approx 70% complete for DC1_2.fastq.gz
Approx 70% complete for DC1_1.fastq.gz
Approx 75% complete for DC1_1.fastq.gz
Approx 75% complete for DC1_2.fastq.gz
Approx 80% complete for DC1_1.fastq.gz
Approx 80% complete for DC1_2.fastq.gz
Approx 85% complete for DC1_1.fastq.gz
Approx 85% complete for DC1_2.fastq.gz
Approx 90% complete for DC1_1.fastq.gz
Approx 90% complete for DC1_2.fastq.gz
Approx 95% complete for DC1_1.fastq.gz
Approx 95% complete for DC1_2.fastq.gz
Analysis complete for DC1_1.fastq.gz
Analysis complete for DC1_2.fastq.gz
[OK] FastQC done

[Step 2] HISAT2 alignment
25567781 reads; of these:
  25567781 (100.00%) were paired; of these:
    5702315 (22.30%) aligned concordantly 0 times
    19088596 (74.66%) aligned concordantly exactly 1 time
    776870 (3.04%) aligned concordantly >1 times
    ----
    5702315 pairs aligned concordantly 0 times; of these:
      895477 (15.70%) aligned discordantly 1 time
    ----
    4806838 pairs aligned 0 times concordantly or discordantly; of these:
      9613676 mates make up the pairs; of these:
        8074676 (83.99%) aligned 0 times
        1457874 (15.16%) aligned exactly 1 time
        81126 (0.84%) aligned >1 times
84.21% overall alignment rate
[OK] HISAT2 done -> /fs4/Mining_data/Method/RNAseq/Oui/Mapping/DC1.sam

[Step 3] SAMtools sort
[bam_sort_core] merging from 3 files and 8 in-memory blocks...
[OK] BAM created -> /fs4/Mining_data/Method/RNAseq/Oui/Mapping/DC1.bam
[OK] SAM removed

[Step 5] StringTie
[OK] StringTie done -> /fs4/Mining_data/Method/RNAseq/Oui/Transcript/DC1/DC1.gtf

  Finish: พฤ. 30 เม.ย. 2569 11:18:48 +07
==========================================
