==========================================
  Sample: DC2
  Start : พฤ. 30 เม.ย. 2569 11:18:48 +07
==========================================

[Step 1] FastQC
application/gzip
application/gzip
Started analysis of DC2_1.fastq.gz
Started analysis of DC2_2.fastq.gz
Approx 5% complete for DC2_1.fastq.gz
Approx 5% complete for DC2_2.fastq.gz
Approx 10% complete for DC2_2.fastq.gz
Approx 10% complete for DC2_1.fastq.gz
Approx 15% complete for DC2_2.fastq.gz
Approx 15% complete for DC2_1.fastq.gz
Approx 20% complete for DC2_1.fastq.gz
Approx 20% complete for DC2_2.fastq.gz
Approx 25% complete for DC2_1.fastq.gz
Approx 25% complete for DC2_2.fastq.gz
Approx 30% complete for DC2_1.fastq.gz
Approx 30% complete for DC2_2.fastq.gz
Approx 35% complete for DC2_1.fastq.gz
Approx 35% complete for DC2_2.fastq.gz
Approx 40% complete for DC2_1.fastq.gz
Approx 40% complete for DC2_2.fastq.gz
Approx 45% complete for DC2_1.fastq.gz
Approx 45% complete for DC2_2.fastq.gz
Approx 50% complete for DC2_1.fastq.gz
Approx 50% complete for DC2_2.fastq.gz
Approx 55% complete for DC2_1.fastq.gz
Approx 55% complete for DC2_2.fastq.gz
Approx 60% complete for DC2_1.fastq.gz
Approx 60% complete for DC2_2.fastq.gz
Approx 65% complete for DC2_1.fastq.gz
Approx 65% complete for DC2_2.fastq.gz
Approx 70% complete for DC2_1.fastq.gz
Approx 70% complete for DC2_2.fastq.gz
Approx 75% complete for DC2_1.fastq.gz
Approx 75% complete for DC2_2.fastq.gz
Approx 80% complete for DC2_1.fastq.gz
Approx 80% complete for DC2_2.fastq.gz
Approx 85% complete for DC2_1.fastq.gz
Approx 85% complete for DC2_2.fastq.gz
Approx 90% complete for DC2_2.fastq.gz
Approx 90% complete for DC2_1.fastq.gz
Approx 95% complete for DC2_2.fastq.gz
Approx 95% complete for DC2_1.fastq.gz
Analysis complete for DC2_2.fastq.gz
Analysis complete for DC2_1.fastq.gz
[OK] FastQC done

[Step 2] HISAT2 alignment
25834302 reads; of these:
  25834302 (100.00%) were paired; of these:
    5156447 (19.96%) aligned concordantly 0 times
    19824022 (76.74%) aligned concordantly exactly 1 time
    853833 (3.31%) aligned concordantly >1 times
    ----
    5156447 pairs aligned concordantly 0 times; of these:
      767238 (14.88%) aligned discordantly 1 time
    ----
    4389209 pairs aligned 0 times concordantly or discordantly; of these:
      8778418 mates make up the pairs; of these:
        7311947 (83.29%) aligned 0 times
        1376151 (15.68%) aligned exactly 1 time
        90320 (1.03%) aligned >1 times
85.85% overall alignment rate
[OK] HISAT2 done -> /fs4/Mining_data/Method/RNAseq/Oui/Mapping/DC2.sam

[Step 3] SAMtools sort
[bam_sort_core] merging from 3 files and 8 in-memory blocks...
[OK] BAM created -> /fs4/Mining_data/Method/RNAseq/Oui/Mapping/DC2.bam
[OK] SAM removed

[Step 5] StringTie
[OK] StringTie done -> /fs4/Mining_data/Method/RNAseq/Oui/Transcript/DC2/DC2.gtf

  Finish: พฤ. 30 เม.ย. 2569 11:35:30 +07
==========================================
