==========================================
  Sample: DN3
  Start : พฤ. 30 เม.ย. 2569 12:55:02 +07
==========================================

[Step 1] FastQC
application/gzip
application/gzip
Started analysis of DN3_1.fastq.gz
Started analysis of DN3_2.fastq.gz
Approx 5% complete for DN3_1.fastq.gz
Approx 5% complete for DN3_2.fastq.gz
Approx 10% complete for DN3_1.fastq.gz
Approx 10% complete for DN3_2.fastq.gz
Approx 15% complete for DN3_1.fastq.gz
Approx 15% complete for DN3_2.fastq.gz
Approx 20% complete for DN3_1.fastq.gz
Approx 20% complete for DN3_2.fastq.gz
Approx 25% complete for DN3_1.fastq.gz
Approx 25% complete for DN3_2.fastq.gz
Approx 30% complete for DN3_1.fastq.gz
Approx 35% complete for DN3_1.fastq.gz
Approx 30% complete for DN3_2.fastq.gz
Approx 40% complete for DN3_1.fastq.gz
Approx 35% complete for DN3_2.fastq.gz
Approx 45% complete for DN3_1.fastq.gz
Approx 40% complete for DN3_2.fastq.gz
Approx 50% complete for DN3_1.fastq.gz
Approx 45% complete for DN3_2.fastq.gz
Approx 55% complete for DN3_1.fastq.gz
Approx 50% complete for DN3_2.fastq.gz
Approx 55% complete for DN3_2.fastq.gz
Approx 60% complete for DN3_1.fastq.gz
Approx 60% complete for DN3_2.fastq.gz
Approx 65% complete for DN3_1.fastq.gz
Approx 65% complete for DN3_2.fastq.gz
Approx 70% complete for DN3_1.fastq.gz
Approx 70% complete for DN3_2.fastq.gz
Approx 75% complete for DN3_1.fastq.gz
Approx 75% complete for DN3_2.fastq.gz
Approx 80% complete for DN3_1.fastq.gz
Approx 80% complete for DN3_2.fastq.gz
Approx 85% complete for DN3_1.fastq.gz
Approx 85% complete for DN3_2.fastq.gz
Approx 90% complete for DN3_1.fastq.gz
Approx 90% complete for DN3_2.fastq.gz
Approx 95% complete for DN3_1.fastq.gz
Approx 95% complete for DN3_2.fastq.gz
Analysis complete for DN3_1.fastq.gz
Analysis complete for DN3_2.fastq.gz
[OK] FastQC done

[Step 2] HISAT2 alignment
18999148 reads; of these:
  18999148 (100.00%) were paired; of these:
    5323733 (28.02%) aligned concordantly 0 times
    13132066 (69.12%) aligned concordantly exactly 1 time
    543349 (2.86%) aligned concordantly >1 times
    ----
    5323733 pairs aligned concordantly 0 times; of these:
      771134 (14.48%) aligned discordantly 1 time
    ----
    4552599 pairs aligned 0 times concordantly or discordantly; of these:
      9105198 mates make up the pairs; of these:
        8041025 (88.31%) aligned 0 times
        1013343 (11.13%) aligned exactly 1 time
        50830 (0.56%) aligned >1 times
78.84% overall alignment rate
[OK] HISAT2 done -> /fs4/Mining_data/Method/RNAseq/Oui/Mapping/DN3.sam

[Step 3] SAMtools sort
[bam_sort_core] merging from 2 files and 8 in-memory blocks...
[OK] BAM created -> /fs4/Mining_data/Method/RNAseq/Oui/Mapping/DN3.bam
[OK] SAM removed

[Step 5] StringTie
[OK] StringTie done -> /fs4/Mining_data/Method/RNAseq/Oui/Transcript/DN3/DN3.gtf

  Finish: พฤ. 30 เม.ย. 2569 13:07:11 +07
==========================================
