==========================================
  Sample: PC1
  Start : พฤ. 30 เม.ย. 2569 13:07:11 +07
==========================================

[Step 1] FastQC
application/gzip
application/gzip
Started analysis of PC1_1.fastq.gz
Started analysis of PC1_2.fastq.gz
Approx 5% complete for PC1_1.fastq.gz
Approx 5% complete for PC1_2.fastq.gz
Approx 10% complete for PC1_1.fastq.gz
Approx 10% complete for PC1_2.fastq.gz
Approx 15% complete for PC1_1.fastq.gz
Approx 15% complete for PC1_2.fastq.gz
Approx 20% complete for PC1_1.fastq.gz
Approx 20% complete for PC1_2.fastq.gz
Approx 25% complete for PC1_1.fastq.gz
Approx 25% complete for PC1_2.fastq.gz
Approx 30% complete for PC1_1.fastq.gz
Approx 30% complete for PC1_2.fastq.gz
Approx 35% complete for PC1_1.fastq.gz
Approx 35% complete for PC1_2.fastq.gz
Approx 40% complete for PC1_1.fastq.gz
Approx 40% complete for PC1_2.fastq.gz
Approx 45% complete for PC1_1.fastq.gz
Approx 45% complete for PC1_2.fastq.gz
Approx 50% complete for PC1_1.fastq.gz
Approx 50% complete for PC1_2.fastq.gz
Approx 55% complete for PC1_1.fastq.gz
Approx 60% complete for PC1_1.fastq.gz
Approx 55% complete for PC1_2.fastq.gz
Approx 65% complete for PC1_1.fastq.gz
Approx 60% complete for PC1_2.fastq.gz
Approx 70% complete for PC1_1.fastq.gz
Approx 65% complete for PC1_2.fastq.gz
Approx 75% complete for PC1_1.fastq.gz
Approx 80% complete for PC1_1.fastq.gz
Approx 70% complete for PC1_2.fastq.gz
Approx 85% complete for PC1_1.fastq.gz
Approx 75% complete for PC1_2.fastq.gz
Approx 90% complete for PC1_1.fastq.gz
Approx 80% complete for PC1_2.fastq.gz
Approx 85% complete for PC1_2.fastq.gz
Approx 95% complete for PC1_1.fastq.gz
Analysis complete for PC1_1.fastq.gz
Approx 90% complete for PC1_2.fastq.gz
Approx 95% complete for PC1_2.fastq.gz
Analysis complete for PC1_2.fastq.gz
[OK] FastQC done

[Step 2] HISAT2 alignment
27594805 reads; of these:
  27594805 (100.00%) were paired; of these:
    6058688 (21.96%) aligned concordantly 0 times
    20636383 (74.78%) aligned concordantly exactly 1 time
    899734 (3.26%) aligned concordantly >1 times
    ----
    6058688 pairs aligned concordantly 0 times; of these:
      919838 (15.18%) aligned discordantly 1 time
    ----
    5138850 pairs aligned 0 times concordantly or discordantly; of these:
      10277700 mates make up the pairs; of these:
        8797324 (85.60%) aligned 0 times
        1405358 (13.67%) aligned exactly 1 time
        75018 (0.73%) aligned >1 times
84.06% overall alignment rate
[OK] HISAT2 done -> /fs4/Mining_data/Method/RNAseq/Oui/Mapping/PC1.sam

[Step 3] SAMtools sort
[bam_sort_core] merging from 3 files and 8 in-memory blocks...
[OK] BAM created -> /fs4/Mining_data/Method/RNAseq/Oui/Mapping/PC1.bam
[OK] SAM removed

[Step 5] StringTie
[OK] StringTie done -> /fs4/Mining_data/Method/RNAseq/Oui/Transcript/PC1/PC1.gtf

  Finish: พฤ. 30 เม.ย. 2569 13:25:18 +07
==========================================
