==========================================
  Sample: PC2
  Start : พฤ. 30 เม.ย. 2569 13:25:18 +07
==========================================

[Step 1] FastQC
application/gzip
application/gzip
Started analysis of PC2_1.fastq.gz
Started analysis of PC2_2.fastq.gz
Approx 5% complete for PC2_1.fastq.gz
Approx 5% complete for PC2_2.fastq.gz
Approx 10% complete for PC2_1.fastq.gz
Approx 10% complete for PC2_2.fastq.gz
Approx 15% complete for PC2_1.fastq.gz
Approx 15% complete for PC2_2.fastq.gz
Approx 20% complete for PC2_1.fastq.gz
Approx 20% complete for PC2_2.fastq.gz
Approx 25% complete for PC2_1.fastq.gz
Approx 25% complete for PC2_2.fastq.gz
Approx 30% complete for PC2_1.fastq.gz
Approx 30% complete for PC2_2.fastq.gz
Approx 35% complete for PC2_1.fastq.gz
Approx 35% complete for PC2_2.fastq.gz
Approx 40% complete for PC2_1.fastq.gz
Approx 40% complete for PC2_2.fastq.gz
Approx 45% complete for PC2_1.fastq.gz
Approx 45% complete for PC2_2.fastq.gz
Approx 50% complete for PC2_1.fastq.gz
Approx 50% complete for PC2_2.fastq.gz
Approx 55% complete for PC2_2.fastq.gz
Approx 55% complete for PC2_1.fastq.gz
Approx 60% complete for PC2_2.fastq.gz
Approx 60% complete for PC2_1.fastq.gz
Approx 65% complete for PC2_2.fastq.gz
Approx 65% complete for PC2_1.fastq.gz
Approx 70% complete for PC2_2.fastq.gz
Approx 70% complete for PC2_1.fastq.gz
Approx 75% complete for PC2_2.fastq.gz
Approx 75% complete for PC2_1.fastq.gz
Approx 80% complete for PC2_2.fastq.gz
Approx 80% complete for PC2_1.fastq.gz
Approx 85% complete for PC2_2.fastq.gz
Approx 85% complete for PC2_1.fastq.gz
Approx 90% complete for PC2_2.fastq.gz
Approx 90% complete for PC2_1.fastq.gz
Approx 95% complete for PC2_2.fastq.gz
Approx 95% complete for PC2_1.fastq.gz
Analysis complete for PC2_2.fastq.gz
Analysis complete for PC2_1.fastq.gz
[OK] FastQC done

[Step 2] HISAT2 alignment
27292608 reads; of these:
  27292608 (100.00%) were paired; of these:
    5439241 (19.93%) aligned concordantly 0 times
    21054590 (77.14%) aligned concordantly exactly 1 time
    798777 (2.93%) aligned concordantly >1 times
    ----
    5439241 pairs aligned concordantly 0 times; of these:
      834913 (15.35%) aligned discordantly 1 time
    ----
    4604328 pairs aligned 0 times concordantly or discordantly; of these:
      9208656 mates make up the pairs; of these:
        7741928 (84.07%) aligned 0 times
        1397723 (15.18%) aligned exactly 1 time
        69005 (0.75%) aligned >1 times
85.82% overall alignment rate
[OK] HISAT2 done -> /fs4/Mining_data/Method/RNAseq/Oui/Mapping/PC2.sam

[Step 3] SAMtools sort
[bam_sort_core] merging from 3 files and 8 in-memory blocks...
[OK] BAM created -> /fs4/Mining_data/Method/RNAseq/Oui/Mapping/PC2.bam
[OK] SAM removed

[Step 5] StringTie
[OK] StringTie done -> /fs4/Mining_data/Method/RNAseq/Oui/Transcript/PC2/PC2.gtf

  Finish: พฤ. 30 เม.ย. 2569 13:43:26 +07
==========================================
