==========================================
  Sample: PC3
  Start : พฤ. 30 เม.ย. 2569 13:43:26 +07
==========================================

[Step 1] FastQC
application/gzip
application/gzip
Started analysis of PC3_1.fastq.gz
Started analysis of PC3_2.fastq.gz
Approx 5% complete for PC3_2.fastq.gz
Approx 5% complete for PC3_1.fastq.gz
Approx 10% complete for PC3_2.fastq.gz
Approx 10% complete for PC3_1.fastq.gz
Approx 15% complete for PC3_2.fastq.gz
Approx 15% complete for PC3_1.fastq.gz
Approx 20% complete for PC3_2.fastq.gz
Approx 20% complete for PC3_1.fastq.gz
Approx 25% complete for PC3_2.fastq.gz
Approx 25% complete for PC3_1.fastq.gz
Approx 30% complete for PC3_2.fastq.gz
Approx 30% complete for PC3_1.fastq.gz
Approx 35% complete for PC3_2.fastq.gz
Approx 35% complete for PC3_1.fastq.gz
Approx 40% complete for PC3_1.fastq.gz
Approx 40% complete for PC3_2.fastq.gz
Approx 45% complete for PC3_1.fastq.gz
Approx 45% complete for PC3_2.fastq.gz
Approx 50% complete for PC3_1.fastq.gz
Approx 50% complete for PC3_2.fastq.gz
Approx 55% complete for PC3_1.fastq.gz
Approx 55% complete for PC3_2.fastq.gz
Approx 60% complete for PC3_1.fastq.gz
Approx 60% complete for PC3_2.fastq.gz
Approx 65% complete for PC3_1.fastq.gz
Approx 65% complete for PC3_2.fastq.gz
Approx 70% complete for PC3_2.fastq.gz
Approx 70% complete for PC3_1.fastq.gz
Approx 75% complete for PC3_2.fastq.gz
Approx 75% complete for PC3_1.fastq.gz
Approx 80% complete for PC3_2.fastq.gz
Approx 80% complete for PC3_1.fastq.gz
Approx 85% complete for PC3_2.fastq.gz
Approx 85% complete for PC3_1.fastq.gz
Approx 90% complete for PC3_2.fastq.gz
Approx 90% complete for PC3_1.fastq.gz
Approx 95% complete for PC3_2.fastq.gz
Approx 95% complete for PC3_1.fastq.gz
Analysis complete for PC3_2.fastq.gz
Analysis complete for PC3_1.fastq.gz
[OK] FastQC done

[Step 2] HISAT2 alignment
23389844 reads; of these:
  23389844 (100.00%) were paired; of these:
    5161815 (22.07%) aligned concordantly 0 times
    17626075 (75.36%) aligned concordantly exactly 1 time
    601954 (2.57%) aligned concordantly >1 times
    ----
    5161815 pairs aligned concordantly 0 times; of these:
      837500 (16.22%) aligned discordantly 1 time
    ----
    4324315 pairs aligned 0 times concordantly or discordantly; of these:
      8648630 mates make up the pairs; of these:
        7142991 (82.59%) aligned 0 times
        1432637 (16.56%) aligned exactly 1 time
        73002 (0.84%) aligned >1 times
84.73% overall alignment rate
[OK] HISAT2 done -> /fs4/Mining_data/Method/RNAseq/Oui/Mapping/PC3.sam

[Step 3] SAMtools sort
[bam_sort_core] merging from 3 files and 8 in-memory blocks...
[OK] BAM created -> /fs4/Mining_data/Method/RNAseq/Oui/Mapping/PC3.bam
[OK] SAM removed

[Step 5] StringTie
[OK] StringTie done -> /fs4/Mining_data/Method/RNAseq/Oui/Transcript/PC3/PC3.gtf

  Finish: พฤ. 30 เม.ย. 2569 13:59:13 +07
==========================================
