==========================================
  Sample: PNC1
  Start : พฤ. 30 เม.ย. 2569 14:27:26 +07
==========================================

[Step 1] FastQC
application/gzip
application/gzip
Started analysis of PNC1_1.fastq.gz
Started analysis of PNC1_2.fastq.gz
Approx 5% complete for PNC1_1.fastq.gz
Approx 5% complete for PNC1_2.fastq.gz
Approx 10% complete for PNC1_2.fastq.gz
Approx 10% complete for PNC1_1.fastq.gz
Approx 15% complete for PNC1_2.fastq.gz
Approx 15% complete for PNC1_1.fastq.gz
Approx 20% complete for PNC1_2.fastq.gz
Approx 20% complete for PNC1_1.fastq.gz
Approx 25% complete for PNC1_2.fastq.gz
Approx 25% complete for PNC1_1.fastq.gz
Approx 30% complete for PNC1_2.fastq.gz
Approx 30% complete for PNC1_1.fastq.gz
Approx 35% complete for PNC1_2.fastq.gz
Approx 35% complete for PNC1_1.fastq.gz
Approx 40% complete for PNC1_2.fastq.gz
Approx 40% complete for PNC1_1.fastq.gz
Approx 45% complete for PNC1_2.fastq.gz
Approx 45% complete for PNC1_1.fastq.gz
Approx 50% complete for PNC1_2.fastq.gz
Approx 55% complete for PNC1_2.fastq.gz
Approx 50% complete for PNC1_1.fastq.gz
Approx 55% complete for PNC1_1.fastq.gz
Approx 60% complete for PNC1_2.fastq.gz
Approx 60% complete for PNC1_1.fastq.gz
Approx 65% complete for PNC1_2.fastq.gz
Approx 65% complete for PNC1_1.fastq.gz
Approx 70% complete for PNC1_2.fastq.gz
Approx 70% complete for PNC1_1.fastq.gz
Approx 75% complete for PNC1_2.fastq.gz
Approx 75% complete for PNC1_1.fastq.gz
Approx 80% complete for PNC1_2.fastq.gz
Approx 80% complete for PNC1_1.fastq.gz
Approx 85% complete for PNC1_2.fastq.gz
Approx 85% complete for PNC1_1.fastq.gz
Approx 90% complete for PNC1_2.fastq.gz
Approx 90% complete for PNC1_1.fastq.gz
Approx 95% complete for PNC1_2.fastq.gz
Approx 95% complete for PNC1_1.fastq.gz
Analysis complete for PNC1_2.fastq.gz
Analysis complete for PNC1_1.fastq.gz
[OK] FastQC done

[Step 2] HISAT2 alignment
27601960 reads; of these:
  27601960 (100.00%) were paired; of these:
    8114413 (29.40%) aligned concordantly 0 times
    17103726 (61.97%) aligned concordantly exactly 1 time
    2383821 (8.64%) aligned concordantly >1 times
    ----
    8114413 pairs aligned concordantly 0 times; of these:
      1160445 (14.30%) aligned discordantly 1 time
    ----
    6953968 pairs aligned 0 times concordantly or discordantly; of these:
      13907936 mates make up the pairs; of these:
        12449256 (89.51%) aligned 0 times
        1283365 (9.23%) aligned exactly 1 time
        175315 (1.26%) aligned >1 times
77.45% overall alignment rate
[OK] HISAT2 done -> /fs4/Mining_data/Method/RNAseq/Oui/Mapping/PNC1.sam

[Step 3] SAMtools sort
[bam_sort_core] merging from 4 files and 8 in-memory blocks...
[OK] BAM created -> /fs4/Mining_data/Method/RNAseq/Oui/Mapping/PNC1.bam
[OK] SAM removed

[Step 5] StringTie
[OK] StringTie done -> /fs4/Mining_data/Method/RNAseq/Oui/Transcript/PNC1/PNC1.gtf

  Finish: พฤ. 30 เม.ย. 2569 14:46:23 +07
==========================================
