==========================================
  Sample: DN3
  Start : ศ.  8 พ.ค. 2569 13:45:30 +07
==========================================

[Step 2] HISAT2 alignment
18811467 reads; of these:
  18811467 (100.00%) were paired; of these:
    1673098 (8.89%) aligned concordantly 0 times
    16461010 (87.51%) aligned concordantly exactly 1 time
    677359 (3.60%) aligned concordantly >1 times
    ----
    1673098 pairs aligned concordantly 0 times; of these:
      66040 (3.95%) aligned discordantly 1 time
    ----
    1607058 pairs aligned 0 times concordantly or discordantly; of these:
      3214116 mates make up the pairs; of these:
        2558281 (79.60%) aligned 0 times
        626649 (19.50%) aligned exactly 1 time
        29186 (0.91%) aligned >1 times
93.20% overall alignment rate
[OK] HISAT2 done -> /fs4/Mining_data/Method/RNAseq/Oui/Mapping/DN3.sam

[Step 3] SAMtools sort
[bam_sort_core] merging from 2 files and 8 in-memory blocks...
[OK] BAM created -> /fs4/Mining_data/Method/RNAseq/Oui/Mapping/DN3.bam
[OK] SAM removed

[Step 5] StringTie
[OK] StringTie done -> /fs4/Mining_data/Method/RNAseq/Oui/Transcript/DN3/DN3.gtf

  Finish: ศ.  8 พ.ค. 2569 13:55:22 +07
==========================================
