==========================================
  Sample: PC1
  Start : ศ.  8 พ.ค. 2569 13:55:22 +07
==========================================

[Step 2] HISAT2 alignment
27405470 reads; of these:
  27405470 (100.00%) were paired; of these:
    2246133 (8.20%) aligned concordantly 0 times
    24120323 (88.01%) aligned concordantly exactly 1 time
    1039014 (3.79%) aligned concordantly >1 times
    ----
    2246133 pairs aligned concordantly 0 times; of these:
      147732 (6.58%) aligned discordantly 1 time
    ----
    2098401 pairs aligned 0 times concordantly or discordantly; of these:
      4196802 mates make up the pairs; of these:
        3181835 (75.82%) aligned 0 times
        967382 (23.05%) aligned exactly 1 time
        47585 (1.13%) aligned >1 times
94.19% overall alignment rate
[OK] HISAT2 done -> /fs4/Mining_data/Method/RNAseq/Oui/Mapping/PC1.sam

[Step 3] SAMtools sort
[bam_sort_core] merging from 3 files and 8 in-memory blocks...
[OK] BAM created -> /fs4/Mining_data/Method/RNAseq/Oui/Mapping/PC1.bam
[OK] SAM removed

[Step 5] StringTie
[OK] StringTie done -> /fs4/Mining_data/Method/RNAseq/Oui/Transcript/PC1/PC1.gtf

  Finish: ศ.  8 พ.ค. 2569 14:14:02 +07
==========================================
