==========================================
  Sample: PC2
  Start : ศ.  8 พ.ค. 2569 14:14:02 +07
==========================================

[Step 2] HISAT2 alignment
27104355 reads; of these:
  27104355 (100.00%) were paired; of these:
    2240706 (8.27%) aligned concordantly 0 times
    23961736 (88.41%) aligned concordantly exactly 1 time
    901913 (3.33%) aligned concordantly >1 times
    ----
    2240706 pairs aligned concordantly 0 times; of these:
      139651 (6.23%) aligned discordantly 1 time
    ----
    2101055 pairs aligned 0 times concordantly or discordantly; of these:
      4202110 mates make up the pairs; of these:
        3169575 (75.43%) aligned 0 times
        988270 (23.52%) aligned exactly 1 time
        44265 (1.05%) aligned >1 times
94.15% overall alignment rate
[OK] HISAT2 done -> /fs4/Mining_data/Method/RNAseq/Oui/Mapping/PC2.sam

[Step 3] SAMtools sort
[bam_sort_core] merging from 3 files and 8 in-memory blocks...
[OK] BAM created -> /fs4/Mining_data/Method/RNAseq/Oui/Mapping/PC2.bam
[OK] SAM removed

[Step 5] StringTie
[OK] StringTie done -> /fs4/Mining_data/Method/RNAseq/Oui/Transcript/PC2/PC2.gtf

  Finish: ศ.  8 พ.ค. 2569 14:32:26 +07
==========================================
