==========================================
  Sample: PC4
  Start : ศ.  8 พ.ค. 2569 14:45:24 +07
==========================================

[Step 2] HISAT2 alignment
26546325 reads; of these:
  26546325 (100.00%) were paired; of these:
    2377676 (8.96%) aligned concordantly 0 times
    23371360 (88.04%) aligned concordantly exactly 1 time
    797289 (3.00%) aligned concordantly >1 times
    ----
    2377676 pairs aligned concordantly 0 times; of these:
      261556 (11.00%) aligned discordantly 1 time
    ----
    2116120 pairs aligned 0 times concordantly or discordantly; of these:
      4232240 mates make up the pairs; of these:
        3074398 (72.64%) aligned 0 times
        1106310 (26.14%) aligned exactly 1 time
        51532 (1.22%) aligned >1 times
94.21% overall alignment rate
[OK] HISAT2 done -> /fs4/Mining_data/Method/RNAseq/Oui/Mapping/PC4.sam

[Step 3] SAMtools sort
[bam_sort_core] merging from 3 files and 8 in-memory blocks...
[OK] BAM created -> /fs4/Mining_data/Method/RNAseq/Oui/Mapping/PC4.bam
[OK] SAM removed

[Step 5] StringTie
[OK] StringTie done -> /fs4/Mining_data/Method/RNAseq/Oui/Transcript/PC4/PC4.gtf

  Finish: ศ.  8 พ.ค. 2569 15:00:27 +07
==========================================
